Топ-300 слов в заголовках статей:
751 обсуждение
331 участника
322 категория
131 файл
120 шаблон
113 иванович
107 александр
97 сельсовет
91 участник
83 иван
79 владимир
78 николай
68 область
66 васильевич
66 николаевич
63 петр
62 сергей
61 михаил
60 александрович
58 родившиеся
58 статьи
57 проекта
52 михайлович
52 физиология
50 петрович
46 алексей
45 статистика
42 борисов
41 василий
40 википедия
40 виктор
39 юрий
38 владимирович
37 курганская
35 алексеевич
35 важности
35 дивизия
35 дорович
35 сергеевич
34 григорьевич
33 андрей
33 федорович
32 дмитриевич
32 мыза
30 портал
29 кул
29 павлович
29 проект
29 уровня
28 дмитрий
28 сем
27 анатолий
27 фильм
25 поселение
25 федор
24 андреевич
24 георгий
24 река
23 борис
23 сельское
22 вячеслав
22 клуб
21 григорий
21 джон
21 павел
21 район
21 семенович
21 степанович
21 яковлевич
20 зее
20 мария
19 евгений
19 наталья
18 игорь
18 информации
18 константинович
18 массовой
18 олег
18 средства
18 шри
18 языке
17 борискин
17 дор
17 яков
16 борисович
16 владимировна
16 департаменте
16 районе
16 список
16 улица
15 александровна
15 астероида
15 орбита
15 татьяна
15 филиппович
15 художники
14 валерьевич
14 газета
14 константин
14 леонид
14 нович
14 семен
13 ана
13 апреля
13 борзилова
13 борисенко
13 викторович
13 джордж
13 ильич
13 фильмы
13 фон
12 арта
12 биология
12 борисюк
12 витебская
12 джеймс
12 значения
12 илья
12 национальный
12 роман
12 таллин
11 архив
11 кантри
11 ланки
11 львович
11 москва
11 нные
11 средней
11 эволюционная
10 антонович
10 виталий
10 гаврилович
10 давид
10 евгеньевич
10 иосиф
10 калашникова
10 лев
10 леонидович
10 михайловна
10 нина
10 парк
10 романович
10 россии
10 ссср
10 франц
10 шаблоны
9 вадимович
9 высшей
9 генрих
9 ивановна
9 игоревич
9 история
9 карл
9 мелитополь
9 неделя
9 ордена
9 республики
9 стрелковая
9 хулиан
9 эфиопии
8 абрамович
8 август
8 антон
8 валерий
8 вильгельм
8 гарсия
8 джибути
8 дэвид
8 елена
8 иосифович
8 максим
8 марк
8 округ
8 орден
8 роберт
8 руис
8 сахалин
8 совет
8 стадион
8 станция
8 томас
8 уильям
8 флаг
8 юрьевич
8 язык
7 анатольевич
7 анна
7 артур
7 браз
7 георгиевич
7 григорьевна
7 группы
7 древесная
7 знак
7 игроки
7 избранные
7 линия
7 метро
7 министры
7 мост
7 музей
7 неизвестной
7 полк
7 поселения
7 послы
7 района
7 сельского
7 смирнов
7 станислав
7 степан
7 степени
7 умершие
7 утка
7 хоккейный
7 хоккею
6 абрамов
6 абу
6 авеню
6 альберто
6 андреев
6 антонио
6 аркадий
6 аркадьевич
6 башня
6 витальевич
6 высокой
6 габилондо
6 геннадий
6 герман
6 года
6 горохов
6 джованни
6 игнатьевич
6 избранная
6 иоганн
6 испании
6 кириллович
6 книга
6 край
6 кристина
6 лей
6 ленд
6 летие
6 мари
6 мира
6 мячом
6 нарбона
6 николаевна
6 новые
6 ночь
6 области
6 ольга
6 остров
6 охлябинин
6 паблик
6 палецкий
6 партия
6 пастор
6 петер
6 приток
6 свиньин
6 святого
6 силы
6 собор
6 сша
6 тимофей
6 турции
6 феликс
6 фернандес
6 филипп
6 франсиско
6 фридрих
6 футбольный
6 чемпионат
6 эдуард
5 административное
5 александра
5 ариас
5 баккер
5 батарин
5 беспосадочный
5 борин
5 борисовна
5 боснии
5 ботелья
5 валентина
5 великий
5 виктория
5 викторовна
5 владиславович
5 военного
5 волгоград
5 вячеславович
5 гальярдон
5 головкин
5 город
5 горы
5 гримау
5 грифид
5 деление

Топ-300 слов в статьях:
24369 википедия
18063 удалению
8264 удалено
6470 оставлено
5889 апреля
4970 категория
4802 улучшению
4777 неизвестен
4709 фильм
4414 что
4193 район
3285 год
3013 года
2930 мая
2905 как
2744 для
2736 января
2694 июля
2663 августа
2611 октября
2520 файл
2505 февраля
2497 июня
2476 ноября
2455 это
2393 флаг
2360 статья
2349 марта
2289 итог
2196 декабря
2170 деревня
2115 сентября
1918 его
1864 году
1833 место
1760 был
1747 при
1710 полк
1701 шаблон
1698 примечания
1680 список
1665 нет
1578 или
1513 если
1482 россии
1471 участник
1453 когда
1432 андрей
1425 также
1411 область
1406 клуб
1406 статьи
1397 ссср
1387 название
1302 александр
1240 так
1234 александрвв
1092 ссылки
1086 том
1079 области
1069 время
1068 обсуждение
1048 есть
1020 было
1019 участника
981 николай
978 владимир
959 после
955 дискуссия
952 номинатор
946 подв
940 только
932 все
928 автор
894 дата
869 артиллерийский
854 неизвестно
835 была
831 книга
820 романенко
809 иванович
808 футбольный
798 уже
794 ссылка
772 были
769 можно
765 имя
760 википедии
760 сергей
760 язык
759 николаевич
756 мира
750 москва
738 войны
731 района
727 часть
726 история
726 под
718 александрович
709 изображение
709 чемпионат
706 описание
703 лет
702 род
702 юрий
693 состав
686 может
685 дивизия
684 альбом
671 более
668 того
665 где
665 иван
657 страницы
654 улица
644 население
643 статью
636 заглавие
632 имени
627 стрелковая
625 орден
621 сша
619 михаил
613 футболу
612 издательство
612 проекта
608 будет
602 без
602 сайт
595 станция
592 школа
590 число
580 которые
579 авиационный
569 быть
567 группа
566 является
565 статей
551 перенаправление
550 российской
548 михайлович
547 чтобы
546 медаль
545 поселение
543 васильевич
543 владимирович
541 смерти
539 высота
538 ввп
537 дмитрий
535 алексей
531 нные
527 этом
511 города
511 насел
509 этого
504 россия
503 можете
503 флагификация
500 нных
500 она
499 рождения
498 они
496 санкт
493 там
489 тип
487 статус
481 который
479 статье
477 сенненский
476 абрамов
474 город
474 проект
467 источник
463 однако
463 совет
462 изображения
460 этот
459 евгений
458 истребительно
458 кубок
455 округ
453 противотанковый
450 сельское
448 институт
446 издание
444 обс
439 бригада
437 период
435 страна
432 чем
430 цвет
427 вид
427 значения
425 населения
420 ширина
418 центр
417 сезоне
415 виктор
415 площадь
409 всего
408 обывало
408 республики
407 тем
400 война
399 истории
399 один
396 журнал
396 между
394 мне
393 сельсовет
393 университет
391 раз
391 этой
389 союза
389 украины
387 государственный
386 нужно
385 вот
385 всех
384 вам
384 против
384 русский
383 толочинский
381 газета
381 гвардейский
380 ерден
380 карсыбеков
380 про
378 страниц
377 василий
377 заголовок
373 спасибо
372 вопрос
372 средняя
370 партия
369 человек
368 века
368 здесь
367 биатлону
366 правила
364 размер
363 например
363 национальный
362 даже
362 над
360 кондратьев
360 кто
358 карта
358 педаченко
358 через
356 отечественной
356 очень
353 других
352 надо
352 сергеевич
351 петрович
351 подразделение
350 именно
346 среди
346 территории
345 игры
345 формирования
344 случае
344 уровень
343 просто
341 значимость
340 два
340 связи
340 шарковщинский
339 времени
338 годы
337 работы
334 сайте
333 гол
333 ушачский
331 команда
331 федерации
329 шумилинский
329 языке
328 университета
327 вас
327 река
326 литература
326 реки
325 франции
324 типа
323 части
322 них
321 регион
320 алексеевич
320 меня
319 код
319 поэтому
317 которых
317 хотя
317 чашникский
316 награды
316 удалить
315 вообще

Распределение статей по размеру:
0 15
1 3021
2 1041
3 1023
4 286
5 33

Распределение статей по времени:
2012 3295
2013 156
2014 98
2015 83
2016 119
2017 137
2018 260
2019 286
2020 389
2021 596
